// Jest Snapshot v1, https://goo.gl/fbAQLP

exports[`Content fromJSON creates valid Content from valid JSON 1`] = `
Object {
  "contentSet": Array [
    Object {
      "classInfo": Object {
        "id": "0xf83d0000008717",
        "label": "embrace hierarchy Intelligent Metal Pants",
        "name": "Facilitator",
      },
      "displayValues": Object {
        "test": "Assurance algorithm",
      },
      "imageId": "ad7f61bb-83c2-4f9c-b35c-d20d7a211cb2",
      "labelDefinition": Object {
        "displayValue": "Plastic",
        "rawValue": "Yuan Renminbi",
        "typeName": "string",
      },
      "mergedFieldNames": Array [],
      "primaryKeys": Array [
        Object {
          "className": "Licensed Concrete Chicken",
          "id": "0x126cf0000015e1a",
        },
      ],
      "values": Object {
        "test": 46635,
      },
    },
  ],
  "descriptor": Object {
    "categories": Array [
      Object {
        "description": "Et mollitia minima non rerum omnis odio sint neque sit.",
        "expand": true,
        "label": "Small",
        "name": "National",
        "parent": undefined,
        "priority": 67093,
      },
    ],
    "connectionId": "8777a21b-fcc3-4ffc-997c-adb04b3aa498",
    "contentFlags": 0,
    "contentOptions": "bar",
    "displayType": "explicabo labore tempora",
    "fields": Array [
      Object {
        "category": Object {
          "description": "Et mollitia minima non rerum omnis odio sint neque sit.",
          "expand": true,
          "label": "Small",
          "name": "National",
          "parent": undefined,
          "priority": 67093,
        },
        "editor": Object {
          "name": "TCP",
        },
        "isReadonly": false,
        "label": "Paradigm Lebanese Pound Borders",
        "name": "Arizona",
        "priority": 66082,
        "type": Object {
          "typeName": "set",
          "valueFormat": "Primitive",
        },
      },
      Object {
        "category": Object {
          "description": "Et mollitia minima non rerum omnis odio sint neque sit.",
          "expand": true,
          "label": "Small",
          "name": "National",
          "parent": undefined,
          "priority": 67093,
        },
        "editor": undefined,
        "isReadonly": true,
        "label": "generate Rubber Small Fresh Cheese",
        "name": "Personal Loan Account",
        "priority": 39366,
        "type": Object {
          "typeName": "text",
          "valueFormat": "Primitive",
        },
      },
      Object {
        "category": Object {
          "description": "Et mollitia minima non rerum omnis odio sint neque sit.",
          "expand": true,
          "label": "Small",
          "name": "National",
          "parent": undefined,
          "priority": 67093,
        },
        "editor": Object {
          "name": "Concrete",
        },
        "isReadonly": false,
        "label": "Clothing",
        "name": "Sports",
        "priority": 21234,
        "type": Object {
          "typeName": "tinyint",
          "valueFormat": "Primitive",
        },
      },
    ],
    "inputKeysHash": "2718f56a-429a-489c-9838-5f66ddc6324b",
    "selectClasses": Array [
      Object {
        "isSelectPolymorphic": false,
        "navigationPropertyClasses": Array [
          Object {
            "isForwardRelationship": true,
            "isPolymorphicRelationship": false,
            "relationshipInfo": Object {
              "id": "0x182de000000fc59",
              "label": "Identity Computers Green",
              "name": "Baby",
            },
            "sourceClassInfo": Object {
              "id": "0xe2890000004081",
              "label": "Handcrafted",
              "name": "Trail",
            },
            "targetClassInfo": Object {
              "id": "0x695c0000000a76",
              "label": "quantify Open-source Nigeria",
              "name": "Savings Account",
            },
          },
        ],
        "pathToPrimaryClass": Array [
          Object {
            "isForwardRelationship": false,
            "isPolymorphicRelationship": false,
            "relationshipInfo": Object {
              "id": "0xc6430000017d6f",
              "label": "eyeballs Mountain Czech Republic",
              "name": "Trail",
            },
            "sourceClassInfo": Object {
              "id": "0x1198b0000017f24",
              "label": "Intelligent",
              "name": "New Mexico",
            },
            "targetClassInfo": Object {
              "id": "0xbbe20000000546",
              "label": "Outdoors customized Functionality",
              "name": "IB",
            },
          },
          Object {
            "isForwardRelationship": true,
            "isPolymorphicRelationship": false,
            "relationshipInfo": Object {
              "id": "0x6eea0000007f51",
              "label": "Assurance",
              "name": "connecting",
            },
            "sourceClassInfo": Object {
              "id": "0x16bb10000017c18",
              "label": "De-engineered Versatile",
              "name": "Unbranded",
            },
            "targetClassInfo": Object {
              "id": "0x132c30000000068",
              "label": "Personal Loan Account applications",
              "name": "feed",
            },
          },
        ],
        "relatedInstanceClasses": Array [
          Object {
            "isForwardRelationship": false,
            "isPolymorphicRelationship": true,
            "relationshipInfo": Object {
              "id": "0x15b3a0000010402",
              "label": "Distributed Fantastic",
              "name": "collaboration",
            },
            "sourceClassInfo": Object {
              "id": "0x4f50000007e04",
              "label": "deposit bandwidth",
              "name": "SMTP",
            },
            "targetClassInfo": Object {
              "id": "0x53600000017549",
              "label": "teal homogeneous Berkshire",
              "name": "Business-focused",
            },
          },
        ],
        "relatedPropertyPaths": Array [
          Array [
            Object {
              "isForwardRelationship": true,
              "isPolymorphicRelationship": true,
              "relationshipInfo": Object {
                "id": "0xb2dd0000007cc2",
                "label": "collaboration Personal Loan Account",
                "name": "Synchronised",
              },
              "sourceClassInfo": Object {
                "id": "0x4e3f00000123ca",
                "label": "Supervisor withdrawal",
                "name": "composite",
              },
              "targetClassInfo": Object {
                "id": "0x179aa0000001060",
                "label": "Focused recontextualize",
                "name": "violet",
              },
            },
          ],
          Array [
            Object {
              "isForwardRelationship": true,
              "isPolymorphicRelationship": false,
              "relationshipInfo": Object {
                "id": "0xb3c200000104b7",
                "label": "program",
                "name": "Lao People's Democratic Republic",
              },
              "sourceClassInfo": Object {
                "id": "0x15a3800000162c6",
                "label": "Guinea-Bissau real-time Persevering",
                "name": "deposit",
              },
              "targetClassInfo": Object {
                "id": "0x15c2e000000f8c7",
                "label": "Buckinghamshire",
                "name": "bandwidth",
              },
            },
          ],
        ],
        "selectClassInfo": Object {
          "id": "0x16fb100000100e8",
          "label": "empowering Agent well-modulated",
          "name": "revolutionary",
        },
      },
      Object {
        "isSelectPolymorphic": false,
        "navigationPropertyClasses": Array [
          Object {
            "isForwardRelationship": true,
            "isPolymorphicRelationship": true,
            "relationshipInfo": Object {
              "id": "0xcee0000016ac7",
              "label": "CSS Roads",
              "name": "Bedfordshire",
            },
            "sourceClassInfo": Object {
              "id": "0x986a00000045af",
              "label": "Rubber Checking Account payment",
              "name": "incentivize",
            },
            "targetClassInfo": Object {
              "id": "0x8fba000000ebe6",
              "label": "magenta partnerships",
              "name": "payment",
            },
          },
        ],
        "pathToPrimaryClass": Array [
          Object {
            "isForwardRelationship": false,
            "isPolymorphicRelationship": true,
            "relationshipInfo": Object {
              "id": "0x165840000016451",
              "label": "multi-byte",
              "name": "Manager",
            },
            "sourceClassInfo": Object {
              "id": "0x11890000000b6d7",
              "label": "Lithuanian Litas",
              "name": "utilisation",
            },
            "targetClassInfo": Object {
              "id": "0x126b1000000b7bc",
              "label": "pink Handcrafted program",
              "name": "North Carolina",
            },
          },
          Object {
            "isForwardRelationship": true,
            "isPolymorphicRelationship": true,
            "relationshipInfo": Object {
              "id": "0xce1d0000006f5c",
              "label": "Senior Greece",
              "name": "productize",
            },
            "sourceClassInfo": Object {
              "id": "0x11ddf00000091fa",
              "label": "Pines microchip streamline",
              "name": "target",
            },
            "targetClassInfo": Object {
              "id": "0x29de0000005368",
              "label": "systems Berkshire",
              "name": "sticky",
            },
          },
        ],
        "relatedInstanceClasses": Array [
          Object {
            "isForwardRelationship": false,
            "isPolymorphicRelationship": true,
            "relationshipInfo": Object {
              "id": "0x2bc000000042fe",
              "label": "Barbados Mouse reboot",
              "name": "global",
            },
            "sourceClassInfo": Object {
              "id": "0x5ecb000000ec43",
              "label": "generating South Africa input",
              "name": "extensible",
            },
            "targetClassInfo": Object {
              "id": "0x10815000000a010",
              "label": "virtual Plains",
              "name": "Kentucky",
            },
          },
        ],
        "relatedPropertyPaths": Array [
          Array [
            Object {
              "isForwardRelationship": true,
              "isPolymorphicRelationship": true,
              "relationshipInfo": Object {
                "id": "0x4c8b00000131af",
                "label": "deposit",
                "name": "Rustic Plastic Cheese",
              },
              "sourceClassInfo": Object {
                "id": "0xc75c000000bee9",
                "label": "invoice",
                "name": "Pound Sterling",
              },
              "targetClassInfo": Object {
                "id": "0x1655e0000011523",
                "label": "Corporate bleeding-edge Jewelery",
                "name": "Michigan",
              },
            },
          ],
          Array [
            Object {
              "isForwardRelationship": true,
              "isPolymorphicRelationship": false,
              "relationshipInfo": Object {
                "id": "0xbcaf0000008f18",
                "label": "copying Refined neural",
                "name": "Data",
              },
              "sourceClassInfo": Object {
                "id": "0x8ae600000070d1",
                "label": "Designer Front-line",
                "name": "Senior",
              },
              "targetClassInfo": Object {
                "id": "0xd95900000150c4",
                "label": "parsing Incredible Plastic Table out-of-the-box",
                "name": "compressing",
              },
            },
          ],
        ],
        "selectClassInfo": Object {
          "id": "0x109110000015805",
          "label": "orchestrate primary Colombian Peso Unidad de Valor Real",
          "name": "withdrawal",
        },
      },
    ],
    "sortingField": undefined,
  },
}
`;

exports[`Content fromJSON creates valid Content from valid serialized JSON 1`] = `
Object {
  "contentSet": Array [
    Object {
      "classInfo": Object {
        "id": "0x1628b0000006f15",
        "label": "Strategist",
        "name": "District",
      },
      "displayValues": Object {
        "test": "azure SSL Customer-focused",
      },
      "imageId": "d3f11bb0-ab98-460a-904d-be2aec7dc91c",
      "labelDefinition": Object {
        "displayValue": "View",
        "rawValue": "bus",
        "typeName": "string",
      },
      "mergedFieldNames": Array [],
      "primaryKeys": Array [
        Object {
          "className": "Rhode Island",
          "id": "0xf1af000000da11",
        },
      ],
      "values": Object {
        "test": 76706,
      },
    },
  ],
  "descriptor": Object {
    "categories": Array [
      Object {
        "description": "Et ut ea reprehenderit et laborum quis.",
        "expand": false,
        "label": "synthesize",
        "name": "Montana",
        "parent": undefined,
        "priority": 21406,
      },
    ],
    "connectionId": "18957fdc-2b97-4a61-a055-446403a314ef",
    "contentFlags": 0,
    "contentOptions": "car",
    "displayType": "qui cupiditate nostrum",
    "fields": Array [
      Object {
        "category": Object {
          "description": "Et ut ea reprehenderit et laborum quis.",
          "expand": false,
          "label": "synthesize",
          "name": "Montana",
          "parent": undefined,
          "priority": 21406,
        },
        "editor": undefined,
        "isReadonly": true,
        "label": "leverage orange",
        "name": "Brand",
        "priority": 12709,
        "type": Object {
          "typeName": "smallint",
          "valueFormat": "Primitive",
        },
      },
      Object {
        "category": Object {
          "description": "Et ut ea reprehenderit et laborum quis.",
          "expand": false,
          "label": "synthesize",
          "name": "Montana",
          "parent": undefined,
          "priority": 21406,
        },
        "editor": undefined,
        "isReadonly": false,
        "label": "Green",
        "name": "Shirt",
        "priority": 27397,
        "type": Object {
          "typeName": "set",
          "valueFormat": "Primitive",
        },
      },
      Object {
        "category": Object {
          "description": "Et ut ea reprehenderit et laborum quis.",
          "expand": false,
          "label": "synthesize",
          "name": "Montana",
          "parent": undefined,
          "priority": 21406,
        },
        "editor": undefined,
        "isReadonly": false,
        "label": "Avon Generic",
        "name": "Marketing",
        "priority": 11645,
        "type": Object {
          "typeName": "text",
          "valueFormat": "Primitive",
        },
      },
    ],
    "inputKeysHash": "dae302f0-0df0-4b8f-8f8a-4183520ef012",
    "selectClasses": Array [
      Object {
        "isSelectPolymorphic": false,
        "navigationPropertyClasses": Array [
          Object {
            "isForwardRelationship": false,
            "isPolymorphicRelationship": false,
            "relationshipInfo": Object {
              "id": "0x397c0000006b98",
              "label": "teal",
              "name": "transmit",
            },
            "sourceClassInfo": Object {
              "id": "0x89d2000000c18f",
              "label": "withdrawal action-items olive",
              "name": "Health",
            },
            "targetClassInfo": Object {
              "id": "0x6922000000141a",
              "label": "integrated generating",
              "name": "Taka",
            },
          },
        ],
        "pathToPrimaryClass": Array [
          Object {
            "isForwardRelationship": false,
            "isPolymorphicRelationship": true,
            "relationshipInfo": Object {
              "id": "0x735c0000006cc4",
              "label": "Devolved navigate payment",
              "name": "Tasty Fresh Chair",
            },
            "sourceClassInfo": Object {
              "id": "0x2b0b00000112fa",
              "label": "Regional",
              "name": "Metal",
            },
            "targetClassInfo": Object {
              "id": "0x1018e000000a96d",
              "label": "North Carolina",
              "name": "protocol",
            },
          },
          Object {
            "isForwardRelationship": false,
            "isPolymorphicRelationship": false,
            "relationshipInfo": Object {
              "id": "0x17e3f0000011cf3",
              "label": "solutions Guarani",
              "name": "French Southern Territories",
            },
            "sourceClassInfo": Object {
              "id": "0x165140000006eb6",
              "label": "Avon embrace",
              "name": "hard drive",
            },
            "targetClassInfo": Object {
              "id": "0x49090000002772",
              "label": "implementation Steel navigate",
              "name": "Auto Loan Account",
            },
          },
        ],
        "relatedInstanceClasses": Array [
          Object {
            "isForwardRelationship": true,
            "isPolymorphicRelationship": true,
            "relationshipInfo": Object {
              "id": "0x5b0e0000007cf9",
              "label": "transmitter",
              "name": "Soft",
            },
            "sourceClassInfo": Object {
              "id": "0x57f00000030c8",
              "label": "Hat Dynamic Avon",
              "name": "multi-state",
            },
            "targetClassInfo": Object {
              "id": "0x149dd00000122ac",
              "label": "Frozen",
              "name": "Beauty",
            },
          },
        ],
        "relatedPropertyPaths": Array [
          Array [
            Object {
              "isForwardRelationship": true,
              "isPolymorphicRelationship": true,
              "relationshipInfo": Object {
                "id": "0x403e000001232d",
                "label": "systemic",
                "name": "Soft",
              },
              "sourceClassInfo": Object {
                "id": "0xb5c100000050d1",
                "label": "Marketing pink e-markets",
                "name": "Business-focused",
              },
              "targetClassInfo": Object {
                "id": "0x151e40000000860",
                "label": "Fresh Lead Factors",
                "name": "leverage",
              },
            },
          ],
          Array [
            Object {
              "isForwardRelationship": false,
              "isPolymorphicRelationship": false,
              "relationshipInfo": Object {
                "id": "0x15293000000b747",
                "label": "orange Somoni Small Plastic Chicken",
                "name": "deliver",
              },
              "sourceClassInfo": Object {
                "id": "0x54e9000000fc5d",
                "label": "eco-centric",
                "name": "Networked",
              },
              "targetClassInfo": Object {
                "id": "0xdd43000001291c",
                "label": "invoice synthesizing leading-edge",
                "name": "Outdoors",
              },
            },
          ],
        ],
        "selectClassInfo": Object {
          "id": "0xa30c000000d87b",
          "label": "Analyst Mozambique Burundi Franc",
          "name": "Assistant",
        },
      },
      Object {
        "isSelectPolymorphic": false,
        "navigationPropertyClasses": Array [
          Object {
            "isForwardRelationship": false,
            "isPolymorphicRelationship": true,
            "relationshipInfo": Object {
              "id": "0x17ac000000b6be",
              "label": "blue violet dot-com",
              "name": "port",
            },
            "sourceClassInfo": Object {
              "id": "0x172f9000000a3b5",
              "label": "Union Communications Specialist",
              "name": "Ergonomic Plastic Mouse",
            },
            "targetClassInfo": Object {
              "id": "0xd8d80000001ca7",
              "label": "Global transmitting",
              "name": "Interactions",
            },
          },
        ],
        "pathToPrimaryClass": Array [
          Object {
            "isForwardRelationship": false,
            "isPolymorphicRelationship": true,
            "relationshipInfo": Object {
              "id": "0x31c90000002012",
              "label": "connect 1080p content",
              "name": "back-end",
            },
            "sourceClassInfo": Object {
              "id": "0x36f000000bdbf",
              "label": "maximize Gorgeous benchmark",
              "name": "Hawaii",
            },
            "targetClassInfo": Object {
              "id": "0x15201000000379a",
              "label": "International Agent Florida",
              "name": "Cotton",
            },
          },
          Object {
            "isForwardRelationship": true,
            "isPolymorphicRelationship": false,
            "relationshipInfo": Object {
              "id": "0x120f90000005876",
              "label": "deposit",
              "name": "panel",
            },
            "sourceClassInfo": Object {
              "id": "0x29360000001823",
              "label": "Afghanistan",
              "name": "Small",
            },
            "targetClassInfo": Object {
              "id": "0x8d130000012ff8",
              "label": "calculate invoice Division",
              "name": "envisioneer",
            },
          },
        ],
        "relatedInstanceClasses": Array [
          Object {
            "isForwardRelationship": false,
            "isPolymorphicRelationship": false,
            "relationshipInfo": Object {
              "id": "0x6ca00000012c6f",
              "label": "functionalities Tasty bluetooth",
              "name": "Niger",
            },
            "sourceClassInfo": Object {
              "id": "0x53cb0000005021",
              "label": "Steel ROI Rustic",
              "name": "Industrial",
            },
            "targetClassInfo": Object {
              "id": "0x105d4000000ba3d",
              "label": "auxiliary optical",
              "name": "Operations",
            },
          },
        ],
        "relatedPropertyPaths": Array [
          Array [
            Object {
              "isForwardRelationship": false,
              "isPolymorphicRelationship": true,
              "relationshipInfo": Object {
                "id": "0xaf18000000dae2",
                "label": "composite Berkshire sky blue",
                "name": "Fish",
              },
              "sourceClassInfo": Object {
                "id": "0xf5ce0000009c95",
                "label": "cross-media",
                "name": "attitude-oriented",
              },
              "targetClassInfo": Object {
                "id": "0x8f220000015cfc",
                "label": "Avon",
                "name": "intranet",
              },
            },
          ],
          Array [
            Object {
              "isForwardRelationship": true,
              "isPolymorphicRelationship": false,
              "relationshipInfo": Object {
                "id": "0xca37000000cc53",
                "label": "Buckinghamshire overriding",
                "name": "coherent",
              },
              "sourceClassInfo": Object {
                "id": "0x278f0000000b11",
                "label": "Planner calculate synthesizing",
                "name": "uniform",
              },
              "targetClassInfo": Object {
                "id": "0x77840000007c17",
                "label": "Ways",
                "name": "Orchestrator",
              },
            },
          ],
        ],
        "selectClassInfo": Object {
          "id": "0x138c0000009ac2",
          "label": "Multi-lateral Representative",
          "name": "CSS",
        },
      },
    ],
    "sortingField": undefined,
  },
}
`;
